MemTotal:        3535368 kB
MemFree:          504880 kB
Buffers:          121168 kB
Cached:           907780 kB
SwapCached:            0 kB
Active:          1305916 kB
Inactive:         513740 kB
Active(anon):     801540 kB
Inactive(anon):     3836 kB
Active(file):     504376 kB
Inactive(file):   509904 kB
Unevictable:       10624 kB
Mlocked:               0 kB
SwapTotal:             0 kB
SwapFree:              0 kB
Dirty:                 8 kB
Writeback:             0 kB
AnonPages:        801340 kB
Mapped:           257080 kB
Shmem:              4044 kB
Slab:             329408 kB
SReclaimable:     285288 kB
SUnreclaim:        44120 kB
KernelStack:       27680 kB
PageTables:        34192 kB
NFS_Unstable:          0 kB
Bounce:                0 kB
WritebackTmp:          0 kB
CommitLimit:     1767684 kB
Committed_AS:   57846524 kB
VmallocTotal:   251658176 kB
VmallocUsed:      141680 kB
VmallocChunk:   251412224 kB
CMA Free: 384932 kB 
CMA heap info(name,alloc,in cache,fail,total free): 
 DEFAULT_CMA_BUFFER (352kb 0kb 0kb 16032kb) OTHERS (126976kb 0kb 0kb 0kb) VDEC1 (0kb 0kb 0kb 253952kb) OTHERS2 (102400kb 0kb 0kb 0kb) VDEC0 (0kb 0kb 0kb 106496kb) MALI_GOP (0kb 0kb 0kb 122880kb) OTHERS3 (229376kb 0kb 0kb 0kb) XC0 (0kb 0kb 0kb 98304kb) 
Applications Memory Usage (kB):
Uptime: 512809105 Realtime: 512809105

Total PSS by process:
   202923 kB: com.stv.launcher (pid 3007 / activities)
    85463 kB: com.stv.signalsourcemanager (pid 4876 / activities)
    79306 kB: com.le.lepay.tv (pid 9287)
    69718 kB: system (pid 2207)
    69199 kB: com.stv.globalsetting (pid 2822)
    47308 kB: sina.mobile.tianqitongstv (pid 17709)
    46345 kB: surfaceflinger (pid 1749)
    36700 kB: com.stv.feedback (pid 20195)
    31298 kB: com.letv.tv (pid 5085)
    28725 kB: com.stv.message (pid 17114)
    27794 kB: com.stv.cdeapk:cde (pid 3380)
    20179 kB: tvos (pid 1803)
    19011 kB: com.android.systemui (pid 2703)
    17984 kB: com.stv.smartControl (pid 4071)
    16926 kB: com.letv.tvos.appstore (pid 3788)
    13652 kB: com.stv.bootadmanager (pid 3602)
    12907 kB: com.stv.reportlog (pid 2837)
    12169 kB: com.stv.lekey (pid 14235)
    12015 kB: com.stv.helper.service (pid 2613)
    11511 kB: mediaserver (pid 1758)
    11472 kB: com.kuyun.common.androidtv (pid 4326)
    10761 kB: com.stv.bq (pid 3017)
    10381 kB: com.letv.leso (pid 7946)
     9861 kB: com.stv.android.videochat (pid 5510)
     9534 kB: com.stv.stvpush (pid 3655)
     9186 kB: android.process.media (pid 2644)
     8756 kB: com.stv.globalsetting:cde (pid 1574)
     8385 kB: com.kuyun.identifer (pid 4635)
     8351 kB: com.stv.voice (pid 14251)
     8175 kB: com.stv.factorytest (pid 7791 / activities)
     7578 kB: android.process.acore (pid 3031)
     7543 kB: com.android.bluetooth (pid 3128)
     6422 kB: com.android.packageinstaller (pid 4456)
     6126 kB: com.stv.commonservice (pid 2808)
     6076 kB: com.amap.android.location (pid 2970)
     5966 kB: com.stv.settingadapter.service (pid 2881)
     5931 kB: com.mstar.tv.service (pid 2720)
     5501 kB: com.stv.t2.account (pid 14745)
     5258 kB: com.stv.bsp.qccrashhandler (pid 2987)
     4789 kB: com.stv.cdeapk (pid 3359)
     4744 kB: com.mstar.android.providers.tv (pid 22042)
     4008 kB: com.stv.thememanager (pid 13940)
     3686 kB: com.stv.network.diagnotics (pid 3512)
     3492 kB: zygote (pid 1778)
     3288 kB: zygote64 (pid 1777)
     3263 kB: com.mstar.android.pppoe (pid 2999)
     3260 kB: com.stv.bootadmanager:ui (pid 17329)
     3242 kB: letv.remotemanager (pid 4297)
     3091 kB: com.stv.net.misc (pid 4594)
     2932 kB: com.android.defcontainer (pid 14216)
     2883 kB: resourcemanager (pid 1750)
     2867 kB: com.stv.systemcontrol (pid 14282)
     2541 kB: com.leeco.tv.bluetoothassist (pid 3283)
     2294 kB: logd (pid 1717)
     2288 kB: kpService (pid 1788)
     2000 kB: netd (pid 1754)
     1953 kB: sensorservice (pid 1774)
     1830 kB: kdmServer (pid 1826)
     1797 kB: drmserver (pid 1757)
     1745 kB: virtualkeypad (pid 3526)
     1711 kB: sdcard (pid 2661)
     1145 kB: letvmanager (pid 1780)
     1005 kB: vold (pid 1742)
      808 kB: keystore (pid 1761)
      507 kB: gatekeeperd (pid 1782)
      482 kB: /init (pid 1)
      433 kB: Letv_logcat (pid 1884)
      376 kB: installd (pid 1759)
      374 kB: sh (pid 1753)
      369 kB: dumpsys (pid 23637)
      354 kB: sh (pid 1787)
      346 kB: tee_shmem (pid 1768)
      346 kB: dhcpcd (pid 2598)
      332 kB: adbd (pid 4013)
      308 kB: healthd (pid 1746)
      306 kB: servicemanager (pid 1748)
      290 kB: debuggerd (pid 1755)
      288 kB: perfprofd (pid 1786)
      282 kB: debuggerd64 (pid 1756)
      280 kB: lmkd (pid 1747)
      260 kB: ueventd (pid 1144)
      231 kB: Letv_logwrapper (pid 1764)
      231 kB: bcmdld (pid 1781)

Total PSS by OOM adjustment:
   112669 kB: Native
               46345 kB: surfaceflinger (pid 1749)
               20179 kB: tvos (pid 1803)
               11511 kB: mediaserver (pid 1758)
                3492 kB: zygote (pid 1778)
                3288 kB: zygote64 (pid 1777)
                2883 kB: resourcemanager (pid 1750)
                2294 kB: logd (pid 1717)
                2288 kB: kpService (pid 1788)
                2000 kB: netd (pid 1754)
                1953 kB: sensorservice (pid 1774)
                1830 kB: kdmServer (pid 1826)
                1797 kB: drmserver (pid 1757)
                1745 kB: virtualkeypad (pid 3526)
                1711 kB: sdcard (pid 2661)
                1145 kB: letvmanager (pid 1780)
                1005 kB: vold (pid 1742)
                 808 kB: keystore (pid 1761)
                 507 kB: gatekeeperd (pid 1782)
                 482 kB: /init (pid 1)
                 433 kB: Letv_logcat (pid 1884)
                 376 kB: installd (pid 1759)
                 374 kB: sh (pid 1753)
                 369 kB: dumpsys (pid 23637)
                 354 kB: sh (pid 1787)
                 346 kB: tee_shmem (pid 1768)
                 346 kB: dhcpcd (pid 2598)
                 332 kB: adbd (pid 4013)
                 308 kB: healthd (pid 1746)
                 306 kB: servicemanager (pid 1748)
                 290 kB: debuggerd (pid 1755)
                 288 kB: perfprofd (pid 1786)
                 282 kB: debuggerd64 (pid 1756)
                 280 kB: lmkd (pid 1747)
                 260 kB: ueventd (pid 1144)
                 231 kB: Letv_logwrapper (pid 1764)
                 231 kB: bcmdld (pid 1781)
   345644 kB: Persistent
              202923 kB: com.stv.launcher (pid 3007 / activities)
               69718 kB: system (pid 2207)
               19011 kB: com.android.systemui (pid 2703)
               12015 kB: com.stv.helper.service (pid 2613)
               10761 kB: com.stv.bq (pid 3017)
                9186 kB: android.process.media (pid 2644)
                7578 kB: android.process.acore (pid 3031)
                5931 kB: com.mstar.tv.service (pid 2720)
                5258 kB: com.stv.bsp.qccrashhandler (pid 2987)
                3263 kB: com.mstar.android.pppoe (pid 2999)
     7543 kB: Persistent Service
                7543 kB: com.android.bluetooth (pid 3128)
   122115 kB: Visible
               69199 kB: com.stv.globalsetting (pid 2822)
               27794 kB: com.stv.cdeapk:cde (pid 3380)
                8756 kB: com.stv.globalsetting:cde (pid 1574)
                6076 kB: com.amap.android.location (pid 2970)
                5501 kB: com.stv.t2.account (pid 14745)
                4789 kB: com.stv.cdeapk (pid 3359)
    20244 kB: A Services
                9534 kB: com.stv.stvpush (pid 3655)
                5966 kB: com.stv.settingadapter.service (pid 2881)
                4744 kB: com.mstar.android.providers.tv (pid 22042)
   253576 kB: B Services
               85463 kB: com.stv.signalsourcemanager (pid 4876 / activities)
               31298 kB: com.letv.tv (pid 5085)
               17984 kB: com.stv.smartControl (pid 4071)
               16926 kB: com.letv.tvos.appstore (pid 3788)
               13652 kB: com.stv.bootadmanager (pid 3602)
               12907 kB: com.stv.reportlog (pid 2837)
               12169 kB: com.stv.lekey (pid 14235)
               11472 kB: com.kuyun.common.androidtv (pid 4326)
                9861 kB: com.stv.android.videochat (pid 5510)
                8385 kB: com.kuyun.identifer (pid 4635)
                8351 kB: com.stv.voice (pid 14251)
                6422 kB: com.android.packageinstaller (pid 4456)
                6126 kB: com.stv.commonservice (pid 2808)
                3686 kB: com.stv.network.diagnotics (pid 3512)
                3242 kB: letv.remotemanager (pid 4297)
                3091 kB: com.stv.net.misc (pid 4594)
                2541 kB: com.leeco.tv.bluetoothassist (pid 3283)
   223662 kB: Cached
               79306 kB: com.le.lepay.tv (pid 9287)
               47308 kB: sina.mobile.tianqitongstv (pid 17709)
               36700 kB: com.stv.feedback (pid 20195)
               28725 kB: com.stv.message (pid 17114)
               10381 kB: com.letv.leso (pid 7946)
                8175 kB: com.stv.factorytest (pid 7791 / activities)
                4008 kB: com.stv.thememanager (pid 13940)
                3260 kB: com.stv.bootadmanager:ui (pid 17329)
                2932 kB: com.android.defcontainer (pid 14216)
                2867 kB: com.stv.systemcontrol (pid 14282)

Total PSS by category:
   269039 kB: Dalvik
   234449 kB: Native
   182272 kB: Dalvik Other
    83576 kB: .dex mmap
    83542 kB: .so mmap
    55280 kB: .art mmap
    48067 kB: .oat mmap
    36262 kB: .apk mmap
    33152 kB: EGL mtrack
    19732 kB: Stack
    19215 kB: Unknown
    12493 kB: Other mmap
     7111 kB: Other dev
     1064 kB: Ashmem
      171 kB: .ttf mmap
       28 kB: Cursor
        0 kB: Gfx dev
        0 kB: .jar mmap
        0 kB: GL mtrack
        0 kB: Other mtrack

Total RAM: 3535368 kB (status moderate)
 Free RAM: 1500098 kB (223662 cached pss + 771808 cached kernel + 504628 free)
 Used RAM: 1257183 kB (861791 used pss + 395392 kernel)
 Lost RAM: 778087 kB
   Tuning: 192 (large 512), oom 35840 kB, restore limit 11946 kB (high-end-gfx)
