MemTotal:        3535368 kB
MemFree:          507040 kB
Buffers:          121500 kB
Cached:           913740 kB
SwapCached:            0 kB
Active:          1303332 kB
Inactive:         515424 kB
Active(anon):     794348 kB
Inactive(anon):     3836 kB
Active(file):     508984 kB
Inactive(file):   511588 kB
Unevictable:       10624 kB
Mlocked:               0 kB
SwapTotal:             0 kB
SwapFree:              0 kB
Dirty:                 8 kB
Writeback:             0 kB
AnonPages:        794160 kB
Mapped:           251548 kB
Shmem:              4044 kB
Slab:             328832 kB
SReclaimable:     285256 kB
SUnreclaim:        43576 kB
KernelStack:       26320 kB
PageTables:        33508 kB
NFS_Unstable:          0 kB
Bounce:                0 kB
WritebackTmp:          0 kB
CommitLimit:     1767684 kB
Committed_AS:   57273216 kB
VmallocTotal:   251658176 kB
VmallocUsed:      152948 kB
VmallocChunk:   251391744 kB
CMA Free: 382384 kB 
CMA heap info(name,alloc,in cache,fail,total free): 
 DEFAULT_CMA_BUFFER (352kb 0kb 0kb 16032kb) OTHERS (126976kb 0kb 0kb 0kb) VDEC1 (0kb 0kb 0kb 253952kb) OTHERS2 (102400kb 0kb 0kb 0kb) VDEC0 (0kb 0kb 0kb 106496kb) MALI_GOP (0kb 0kb 0kb 122880kb) OTHERS3 (229376kb 0kb 0kb 0kb) XC0 (0kb 0kb 0kb 98304kb) 
Applications Memory Usage (kB):
Uptime: 512928397 Realtime: 512928397

Total PSS by process:
   203830 kB: com.stv.launcher (pid 3007 / activities)
    85472 kB: com.stv.signalsourcemanager (pid 4876 / activities)
    79274 kB: com.le.lepay.tv (pid 9287)
    71794 kB: system (pid 2207)
    69160 kB: com.stv.globalsetting (pid 2822)
    47667 kB: sina.mobile.tianqitongstv (pid 17709)
    46345 kB: surfaceflinger (pid 1749)
    36697 kB: com.stv.feedback (pid 20195)
    31616 kB: com.letv.tv (pid 5085)
    28721 kB: com.stv.message (pid 17114)
    27935 kB: com.stv.cdeapk:cde (pid 3380)
    20179 kB: tvos (pid 1803)
    19013 kB: com.android.systemui (pid 2703)
    17260 kB: com.letv.tvos.appstore (pid 3788)
    13708 kB: com.stv.bootadmanager (pid 3602)
    13140 kB: com.stv.reportlog (pid 2837)
    12171 kB: com.stv.lekey (pid 14235)
    12030 kB: com.stv.helper.service (pid 2613)
    11526 kB: mediaserver (pid 1758)
    11474 kB: com.kuyun.common.androidtv (pid 4326)
    10811 kB: com.stv.bq (pid 3017)
    10383 kB: com.letv.leso (pid 7946)
    10037 kB: com.stv.android.videochat (pid 5510)
     9536 kB: com.stv.stvpush (pid 3655)
     9188 kB: android.process.media (pid 2644)
     8756 kB: com.stv.globalsetting:cde (pid 1574)
     8590 kB: com.kuyun.identifer (pid 4635)
     8518 kB: com.stv.voice (pid 14251)
     8177 kB: com.stv.factorytest (pid 7791 / activities)
     7688 kB: com.android.bluetooth (pid 3128)
     7580 kB: android.process.acore (pid 3031)
     6422 kB: com.android.packageinstaller (pid 4456)
     6126 kB: com.stv.commonservice (pid 2808)
     6082 kB: com.amap.android.location (pid 2970)
     5966 kB: com.stv.settingadapter.service (pid 2881)
     5931 kB: com.mstar.tv.service (pid 2720)
     5501 kB: com.stv.t2.account (pid 14745)
     5290 kB: com.stv.bsp.qccrashhandler (pid 2987)
     4897 kB: com.stv.cdeapk (pid 3359)
     4745 kB: com.mstar.android.providers.tv (pid 22042)
     4010 kB: com.stv.thememanager (pid 13940)
     3707 kB: com.stv.network.diagnotics (pid 3512)
     3651 kB: zygote (pid 1778)
     3295 kB: zygote64 (pid 1777)
     3263 kB: com.mstar.android.pppoe (pid 2999)
     3260 kB: com.stv.bootadmanager:ui (pid 17329)
     3175 kB: com.stv.net.misc (pid 4594)
     3006 kB: letv.remotemanager (pid 4297)
     2932 kB: com.android.defcontainer (pid 14216)
     2883 kB: resourcemanager (pid 1750)
     2867 kB: com.stv.systemcontrol (pid 14282)
     2541 kB: com.leeco.tv.bluetoothassist (pid 3283)
     2294 kB: logd (pid 1717)
     2288 kB: kpService (pid 1788)
     2000 kB: netd (pid 1754)
     1953 kB: sensorservice (pid 1774)
     1836 kB: kdmServer (pid 1826)
     1802 kB: drmserver (pid 1757)
     1745 kB: virtualkeypad (pid 3526)
     1711 kB: sdcard (pid 2661)
     1149 kB: letvmanager (pid 1780)
     1005 kB: vold (pid 1742)
      808 kB: keystore (pid 1761)
      507 kB: gatekeeperd (pid 1782)
      482 kB: /init (pid 1)
      433 kB: Letv_logcat (pid 1884)
      376 kB: installd (pid 1759)
      374 kB: sh (pid 1753)
      369 kB: dumpsys (pid 24019)
      354 kB: sh (pid 1787)
      346 kB: tee_shmem (pid 1768)
      346 kB: dhcpcd (pid 2598)
      332 kB: adbd (pid 4013)
      308 kB: healthd (pid 1746)
      306 kB: servicemanager (pid 1748)
      291 kB: debuggerd (pid 1755)
      288 kB: perfprofd (pid 1786)
      282 kB: debuggerd64 (pid 1756)
      280 kB: lmkd (pid 1747)
      260 kB: ueventd (pid 1144)
      231 kB: Letv_logwrapper (pid 1764)
      231 kB: bcmdld (pid 1781)

Total PSS by OOM adjustment:
   112866 kB: Native
               46345 kB: surfaceflinger (pid 1749)
               20179 kB: tvos (pid 1803)
               11526 kB: mediaserver (pid 1758)
                3651 kB: zygote (pid 1778)
                3295 kB: zygote64 (pid 1777)
                2883 kB: resourcemanager (pid 1750)
                2294 kB: logd (pid 1717)
                2288 kB: kpService (pid 1788)
                2000 kB: netd (pid 1754)
                1953 kB: sensorservice (pid 1774)
                1836 kB: kdmServer (pid 1826)
                1802 kB: drmserver (pid 1757)
                1745 kB: virtualkeypad (pid 3526)
                1711 kB: sdcard (pid 2661)
                1149 kB: letvmanager (pid 1780)
                1005 kB: vold (pid 1742)
                 808 kB: keystore (pid 1761)
                 507 kB: gatekeeperd (pid 1782)
                 482 kB: /init (pid 1)
                 433 kB: Letv_logcat (pid 1884)
                 376 kB: installd (pid 1759)
                 374 kB: sh (pid 1753)
                 369 kB: dumpsys (pid 24019)
                 354 kB: sh (pid 1787)
                 346 kB: tee_shmem (pid 1768)
                 346 kB: dhcpcd (pid 2598)
                 332 kB: adbd (pid 4013)
                 308 kB: healthd (pid 1746)
                 306 kB: servicemanager (pid 1748)
                 291 kB: debuggerd (pid 1755)
                 288 kB: perfprofd (pid 1786)
                 282 kB: debuggerd64 (pid 1756)
                 280 kB: lmkd (pid 1747)
                 260 kB: ueventd (pid 1144)
                 231 kB: Letv_logwrapper (pid 1764)
                 231 kB: bcmdld (pid 1781)
   348730 kB: Persistent
              203830 kB: com.stv.launcher (pid 3007 / activities)
               71794 kB: system (pid 2207)
               19013 kB: com.android.systemui (pid 2703)
               12030 kB: com.stv.helper.service (pid 2613)
               10811 kB: com.stv.bq (pid 3017)
                9188 kB: android.process.media (pid 2644)
                7580 kB: android.process.acore (pid 3031)
                5931 kB: com.mstar.tv.service (pid 2720)
                5290 kB: com.stv.bsp.qccrashhandler (pid 2987)
                3263 kB: com.mstar.android.pppoe (pid 2999)
     7688 kB: Persistent Service
                7688 kB: com.android.bluetooth (pid 3128)
   122331 kB: Visible
               69160 kB: com.stv.globalsetting (pid 2822)
               27935 kB: com.stv.cdeapk:cde (pid 3380)
                8756 kB: com.stv.globalsetting:cde (pid 1574)
                6082 kB: com.amap.android.location (pid 2970)
                5501 kB: com.stv.t2.account (pid 14745)
                4897 kB: com.stv.cdeapk (pid 3359)
    15502 kB: A Services
                9536 kB: com.stv.stvpush (pid 3655)
                5966 kB: com.stv.settingadapter.service (pid 2881)
   241708 kB: B Services
               85472 kB: com.stv.signalsourcemanager (pid 4876 / activities)
               31616 kB: com.letv.tv (pid 5085)
               17260 kB: com.letv.tvos.appstore (pid 3788)
               13708 kB: com.stv.bootadmanager (pid 3602)
               13140 kB: com.stv.reportlog (pid 2837)
               12171 kB: com.stv.lekey (pid 14235)
               11474 kB: com.kuyun.common.androidtv (pid 4326)
               10037 kB: com.stv.android.videochat (pid 5510)
                8590 kB: com.kuyun.identifer (pid 4635)
                8518 kB: com.stv.voice (pid 14251)
                6422 kB: com.android.packageinstaller (pid 4456)
                6126 kB: com.stv.commonservice (pid 2808)
                4745 kB: com.mstar.android.providers.tv (pid 22042)
                3707 kB: com.stv.network.diagnotics (pid 3512)
                3175 kB: com.stv.net.misc (pid 4594)
                3006 kB: letv.remotemanager (pid 4297)
                2541 kB: com.leeco.tv.bluetoothassist (pid 3283)
   223988 kB: Cached
               79274 kB: com.le.lepay.tv (pid 9287)
               47667 kB: sina.mobile.tianqitongstv (pid 17709)
               36697 kB: com.stv.feedback (pid 20195)
               28721 kB: com.stv.message (pid 17114)
               10383 kB: com.letv.leso (pid 7946)
                8177 kB: com.stv.factorytest (pid 7791 / activities)
                4010 kB: com.stv.thememanager (pid 13940)
                3260 kB: com.stv.bootadmanager:ui (pid 17329)
                2932 kB: com.android.defcontainer (pid 14216)
                2867 kB: com.stv.systemcontrol (pid 14282)

Total PSS by category:
   266022 kB: Dalvik
   232887 kB: Native
   182063 kB: Dalvik Other
    82342 kB: .so mmap
    79572 kB: .dex mmap
    54234 kB: .art mmap
    48009 kB: .oat mmap
    36263 kB: .apk mmap
    33152 kB: EGL mtrack
    19044 kB: Stack
    18825 kB: Unknown
    12042 kB: Other mmap
     7095 kB: Other dev
     1064 kB: Ashmem
      171 kB: .ttf mmap
       28 kB: Cursor
        0 kB: Gfx dev
        0 kB: .jar mmap
        0 kB: GL mtrack
        0 kB: Other mtrack

Total RAM: 3535368 kB (status moderate)
 Free RAM: 1514936 kB (223988 cached pss + 783636 cached kernel + 507312 free)
 Used RAM: 1241565 kB (848825 used pss + 392740 kernel)
 Lost RAM: 778867 kB
   Tuning: 192 (large 512), oom 35840 kB, restore limit 11946 kB (high-end-gfx)
